pub fn render() -> velox_dom::VNode {
    render_with(|_| String::new())
}

pub fn render_with<F>(mut resolve: F) -> velox_dom::VNode where F: FnMut(&str) -> String {
    use velox_dom::*;
    h("ul", Props::new(), { let mut __children: Vec<velox_dom::VNode> = Vec::new();
let __for_expr = resolve("items");
let __for_count = if let Ok(n) = __for_expr.parse::<usize>() {
    n
} else if __for_expr.is_empty() {
    0
} else {
    __for_expr.split(',').count()
};
for __idx in 0..__for_count {
    __children.push(h("li", Props::new(), vec![text(resolve(&format!("items[{}].name", __idx)))]));
}
__children
})
}

#[allow(clippy::arc_with_non_send_sync)]
#[allow(unused_variables)]
pub fn render_with_state<F>(state: std::sync::Arc<script_rs::State>, mut resolve: F) -> velox_dom::VNode where F: FnMut(&str) -> String {
    use velox_dom::*;
    h("ul", Props::new(), { let mut __children: Vec<velox_dom::VNode> = Vec::new();
let __col = state.items.get();
if !__col.is_empty() {
    for (__idx, item) in __col.iter().enumerate() {
    __children.push(h("li", Props::new(), vec![text({ let __obj = &item; __obj.name.to_string() })]));
    }
}
__children
})
}

#[allow(clippy::arc_with_non_send_sync)]
pub fn make_resolve(state: std::sync::Arc<script_rs::State>) -> impl FnMut(&str) -> String {
    move |name: &str| match name {
        _ => String::new(),
    }
}

#[allow(clippy::arc_with_non_send_sync)]
pub fn make_on_event(state: std::sync::Arc<script_rs::State>) -> impl FnMut(&str, Option<&str>) + 'static {
    move |name: &str, payload: Option<&str>| {
        match name {
            _ => {}
        }
    }
}

pub fn render_with_props(props: std::collections::HashMap<&str, String>) -> velox_dom::VNode {
    let resolve_props = |key: &str| -> String {
        props.get(key).cloned().unwrap_or_default()
    };
    render_with(resolve_props)
}